# ericson-build scott_models
# toolchain: leanprover/lean4:v4.30.0
# head:      3218551 Ship PDF-only package with copyright headers and full Lean appendix.
# packages:  /home/milnes/projects/ScottLean4/Ericson/scott1972/.lake/packages

⚠ [920/959] Replayed Scott1972.ContinuousLattice.FunctionSpaces
warning: Scott1972/ContinuousLattice/FunctionSpaces.lean:758:8: This simp argument is unused:
  Set.image_id

Hint: Omit it from the simp argument list.
  simp ̵[̵S̵e̵t̵.̵i̵m̵a̵g̵e̵_̵i̵d̵]̵

Note: This linter can be disabled with `set_option linter.unusedSimpArgs false`
warning: Scott1972/ContinuousLattice/FunctionSpaces.lean:1131:5: unused variable `hi`

Note: This linter can be disabled with `set_option linter.unusedVariables false`
warning: Scott1972/ContinuousLattice/FunctionSpaces.lean:1201:0: automatically included section variable(s) unused in theorem `Scott1972.ContinuousLattice.scottMap_eq_sSup_openInfs`:
  [TopologicalSpace Y]
consider restructuring your `variable` declarations so that the variables are not in scope or explicitly omit them:
  omit [TopologicalSpace Y] in theorem ...

Note: This linter can be disabled with `set_option linter.unusedSectionVars false`
warning: Scott1972/ContinuousLattice/FunctionSpaces.lean:1231:0: automatically included section variable(s) unused in theorem `Scott1972.ContinuousLattice.scottSubspaceExtendInf_eq_of_comp`:
  [TopologicalSpace X]
  [TopologicalSpace Y]
consider restructuring your `variable` declarations so that the variables are not in scope or explicitly omit them:
  omit [TopologicalSpace X] [TopologicalSpace Y] in theorem ...

Note: This linter can be disabled with `set_option linter.unusedSectionVars false`
warning: Scott1972/ContinuousLattice/FunctionSpaces.lean:1281:0: automatically included section variable(s) unused in theorem `Scott1972.ContinuousLattice.scottSubspaceExtend_mono`:
  [TopologicalSpace X]
  [TopologicalSpace Y]
consider restructuring your `variable` declarations so that the variables are not in scope or explicitly omit them:
  omit [TopologicalSpace X] [TopologicalSpace Y] in theorem ...

Note: This linter can be disabled with `set_option linter.unusedSectionVars false`
warning: Scott1972/ContinuousLattice/FunctionSpaces.lean:1291:0: automatically included section variable(s) unused in theorem `Scott1972.ContinuousLattice.scottSubspaceExtendInf_eq_of_ext`:
  [TopologicalSpace X]
  [TopologicalSpace Y]
  [CompleteLattice Y]
consider restructuring your `variable` declarations so that the variables are not in scope or explicitly omit them:
  omit [TopologicalSpace X] [TopologicalSpace Y] [CompleteLattice Y] in theorem ...

Note: This linter can be disabled with `set_option linter.unusedSectionVars false`
warning: Scott1972/ContinuousLattice/FunctionSpaces.lean:1305:0: automatically included section variable(s) unused in theorem `Scott1972.ContinuousLattice.scottSubspaceExtendInf_mono_retr`:
  [TopologicalSpace X]
  [TopologicalSpace Y]
  [CompleteLattice Y]
consider restructuring your `variable` declarations so that the variables are not in scope or explicitly omit them:
  omit [TopologicalSpace X] [TopologicalSpace Y] [CompleteLattice Y] in theorem ...

Note: This linter can be disabled with `set_option linter.unusedSectionVars false`
warning: Scott1972/ContinuousLattice/FunctionSpaces.lean:1314:0: automatically included section variable(s) unused in theorem `Scott1972.ContinuousLattice.scottSubspaceExtendInf_mono_incl`:
  [TopologicalSpace X]
  [TopologicalSpace Y]
  [CompleteLattice Y]
consider restructuring your `variable` declarations so that the variables are not in scope or explicitly omit them:
  omit [TopologicalSpace X] [TopologicalSpace Y] [CompleteLattice Y] in theorem ...

Note: This linter can be disabled with `set_option linter.unusedSectionVars false`
warning: Scott1972/ContinuousLattice/FunctionSpaces.lean:1326:0: automatically included section variable(s) unused in theorem `Scott1972.ContinuousLattice.scottSubspaceExtendInf_mono_incl_apply`:
  [TopologicalSpace X]
  [TopologicalSpace Y]
  [CompleteLattice Y]
consider restructuring your `variable` declarations so that the variables are not in scope or explicitly omit them:
  omit [TopologicalSpace X] [TopologicalSpace Y] [CompleteLattice Y] in theorem ...

Note: This linter can be disabled with `set_option linter.unusedSectionVars false`
✔ [921/959] Built Scott1982.InfoSys (1.6s)
✔ [922/959] Built Scott1982.Constructive (1.7s)
✔ [923/959] Built ScottModels.IdealCompletionToContinuousLattice (1.5s)
✔ [924/959] Built Scott1980.Neighborhood.Basic (1.8s)
✔ [925/959] Built Scott1982.Definition22 (1.4s)
✔ [926/959] Built Scott1982.Factoid24 (1.4s)
✔ [927/959] Built ScottModels.ContinuousLatticeToNeighborhood (1.6s)
✔ [928/959] Built Scott1982.Proposition23 (1.5s)
✔ [929/959] Built Scott1982.Factoid32 (1.5s)
✔ [930/959] Built Scott1982.Factoid35 (1.5s)
✔ [931/959] Built ScottModels.NeighborhoodToInfoSys (2.1s)
✔ [932/959] Built Scott1982.Product (2.2s)
✔ [933/959] Built Scott1982.FunctionSpace (2.4s)
✔ [934/959] Built Scott1982.Sum (2.4s)
✔ [935/959] Built Scott1982.Factoid33 (1.6s)
✔ [936/959] Built Scott1982.Factoid36 (1.6s)
✔ [937/959] Built Scott1982.Approximable (1.8s)
✔ [938/959] Built Scott1982.Factoid41 (1.5s)
✔ [939/959] Built Scott1982.Proposition54 (1.5s)
✔ [940/959] Built Scott1982.Factoid81 (2.4s)
✔ [941/959] Built Scott1982.Proposition53 (1.6s)
✔ [942/959] Built Scott1982.Factoid42 (1.5s)
✔ [943/959] Built Scott1982.Proposition55 (1.6s)
✔ [944/959] Built Scott1982.Factoid43 (1.6s)
✔ [945/959] Built Scott1982.Proposition62 (2.2s)
✔ [946/959] Built Scott1982.Proposition64 (2.7s)
✔ [947/959] Built Scott1982.Factoid44 (1.5s)
✔ [948/959] Built Scott1982.Factoid45 (1.4s)
✔ [949/959] Built Scott1982.Theorem72 (3.4s)
✔ [950/959] Built ScottModels.InfoSysToIdealCompletion (1.7s)
✔ [951/959] Built Scott1982.Factoid46 (1.9s)
✔ [952/959] Built ScottModels.InfoSysConstructions (2.1s)
✔ [953/959] Built ScottModels.InfoSysToNeighborhood (1.7s)
✔ [954/959] Built ScottModels.PresentationDomains (1.8s)
✔ [955/959] Built ScottModels.ScottMapBridge (1.0s)
✔ [956/959] Built ScottModels.Equivalence (1.5s)
✔ [957/959] Built ScottModels.WorkedExampleSExpr (1.8s)
✔ [958/959] Built ScottModels (1.6s)
Build completed successfully (959 jobs).
	Command being timed: "lake build"
	User time (seconds): 72.63
	System time (seconds): 18.96
	Percent of CPU this job got: 306%
	Elapsed (wall clock) time (h:mm:ss or m:ss): 0:29.86
	Average shared text size (kbytes): 0
	Average unshared data size (kbytes): 0
	Average stack size (kbytes): 0
	Average total size (kbytes): 0
	Maximum resident set size (kbytes): 2085436
	Average resident set size (kbytes): 0
	Major (requiring I/O) page faults: 1023
	Minor (reclaiming a frame) page faults: 3083719
	Voluntary context switches: 136203
	Involuntary context switches: 2733
	Swaps: 0
	File system inputs: 304704
	File system outputs: 52808
	Socket messages sent: 0
	Socket messages received: 0
	Signals delivered: 0
	Page size (bytes): 4096
	Exit status: 0

--- times ---
exit status:      0
lake jobs:        958/959
errors:           0
warnings:         9
sorry warnings:   0
sorry in source:  0
build dir:        7.1M
disk consumed:    26 MiB
