# r0043 citation check — 2026-08-08 16:47:37 -0700

declarations in package : 1720
backticked tokens cited : 347
resolved to a declaration: 123
no matching declaration  : 175

## unresolved tokens
# Most are prose, file names, tactics or Mathlib lemmas, not claims.
# Read for any that is cited AS the evidence for an S+P row.

abbrev
agent2
app_lam
Atomless.lean
bigTheta
binaryTree
Binop
bOneBot
BoundedComplete
Classical.dec
ClosureProperties.separatedSumCopair
Colimit.Thm29Second
Combinator.constHom
Combinator.LambdaModel
Combinator.lean
CombinatorRep.lean
comp
CompactFunction
compFun
compHom
CompletePartialOrder
Computable
constOp
ContinuousAlgebra.lean
ContinuousAlgebra.unit
ContinuousConstruction
copair
Countable
counts.sh
decidableLE
decidableNormal
DecidablePred
DirectedOn
Domain
down
EffectivePresentation
Effective.scottHom
enum
eta_law
fact
factFun
factHom
FinitaryProjectionEmbedding
finiteImageProjections
FinSets
fix_D
fixHom
Flat.lean
FlatOmega
FlatOmega.lean
FlatPowerdomain.lean
Function.cantor_surjective
FunctionSpaceCountable
graphPairs
grep
hmono
IdealCompletion.principal
independen
inductive
inferInstance
instance
instIsSemilatticeIdealCompletion
IsAtomless
IsBifinite
IsBistrict
IsCountablyBasedAlgebraicLattice
IsEmbeddingProjectionPair
IsLUB
Isomorphism.smashPair
Isomorphism.smashVal
IsRecursive
IsRepresentable
isRepresentable_comp
IsRepresentable.comp
isRepresentable_const
kleeneFix
lakefile.toml
lam_app
LambdaModel
lemma
liftMap
Mathlib.Topology.Order.ScottTopology
Membership
metric
MinimalUpperBounds
Morphism.coalSumMap
Morphism.lean
Morphism.liftMap
Morphism.prodMap
Morphism.sepSumMap
Morphism.smashMap
multiCopair
multiPair
multiProd
multiSum
Nat.bitwise
NatBot
Nat.lor
natRange
Nat.testBit
_of_hoare
_of_smyth
op_comm
op_idem
pair_fst_snd
PaperInventory.md
PartialOrder
pdftotext
PlotkinCarrier
Plotkin.FinCompacts.pair
Plotkin.Powerdomain
PowerdomainCompacts.lean
PowerdomainMap
PowerdomainMap.lean
PowerdomainMap.plotkin
PowerdomainMapRep.lean
PRepFun.lean
PreservesRecursivePresentation
Primrec
principal
principalFilter
prodMap
Prop
PropertiesVsTheorems.md
recoverAt
Recursive.IsRepresentable₂.diag
RecursiveLE
RecursiveNormal
RecursivePresentation
REPred
scottContinuous_set_iff.mpr
ScottDomains.Effective.StepFunctionsDecidable
ScottDomains.Flat.NatBot
ScottDomains.Kleene.NatBot
ScottDomains.lean
scottHom
ScottHom
ScottHom.const
ScottHom.IsEmbeddingProjectionPair
ScottHom.IsProjection
ScottHom.ofPairs
Section62
separatedSumCopair
SeparatelyScottContinuous
setU
setU'
setV
setV'
smash
smashMap
smashProdMap
smyth_bot_eq_bot
SmythCarrier
smyth_oneBot_eq_bot
Smyth.Powerdomain
sorry
sorryAx
sSup
StatementRecovery.md
strictComp
StrictHom
structure
subst
SupSet
theorem
Theorem7ArrowRecursive
Theorem7StrictRecursive
UniformFixedPoint.lean
union
unit
unsmash
upperClosure
Vaught
WithBot.unbot
WithTop
