# r0043 citation check — 2026-08-08 16:47:07 -0700

declarations in package : 1773
backticked tokens cited : 347
resolved to a declaration: 0
no matching declaration  : 298

## unresolved tokens
# Most are prose, file names, tactics or Mathlib lemmas, not claims.
# Read for any that is cited AS the evidence for an S+P row.

abbrev
agent2
app_lam
apply_eq_self_of_mem_mubClosure
apply_eq_self_of_mem_mubIter
Atomless.lean
bigTheta
binaryTree
Binop
bOneBot
BoundedComplete
Classical.dec
ClosureProperties.separatedSumCopair
Colimit.Thm29Second
Combinator.constHom
Combinator.LambdaModel
Combinator.lean
CombinatorRep.lean
comp
CompactFunction
comp_apply
compFun
compHom
CompletePartialOrder
completesSepSum_separatedSumCopair
Computable
constOp
ContinuousAlgebra.lean
ContinuousAlgebra.principal_op_principal
ContinuousAlgebra.unit
ContinuousAlgebra.unit_coe_compact
ContinuousConstruction
copair
Countable
countable_compacts_of_reflects
counts.sh
decidableLE
decidableNormal
DecidablePred
DirectedOn
directedOn_univ_nat
Domain
down
EffectivePresentation
Effective.scottHom
enum
eta_law
exists_greatest_of_finite_directedOn
exists_isLUB_of_bddAbove
exists_isRecursive_of_stepFunctionsDecidable
exists_ne_continuous_completions
exists_of_not_isPlotkinOrder
exists_scottHomEnum_eq
exists_unique_map
exists_up_of_mem
extension_sUnion
fact
factFun
factFun_ne_bot
factHom
FinitaryProjectionEmbedding
FinitaryProjectionEmbedding.scottContinuous_of_monotone_of_finite
finiteImageProjections
finite_range_compHom
FinSets
fix_D
fixHom
Flat.compacts_eq_univ
Flat.exists_mem_upperBound
Flat.hoare_natBot_orderIso_powerset
Flat.hoare_oneBot_eq_one
Flat.hoare_oneBot_ne_bot
Flat.lean
FlatOmega
FlatOmega.lean
Flat.plotkin_le_iff
Flat.plotkin_natBot_orderIso
Flat.plotkin_printed_clause_one_fails
Flat.plotkin_three_distinct
FlatPowerdomain.lean
Flat.scottContinuous_of_monotone
FlatSection6.convex_does_not_preserve_boundedComplete
Flat.smyth_natBot_orderIso
Flat.smyth_oneBot_eq_bot_eq_unit_bot
fold_le_fold_of_convex
Function.cantor_surjective
FunctionSpaceCountable
graphPairs
grep
hmono
hoare_natBot_orderIso_powerset
IdealCompletion.principal
independen
inductive
inferInstance
instance
instIsSemilatticeIdealCompletion
IsAtomless
IsBifinite
IsBistrict
isCompactElement_prod_iff
IsCountablyBasedAlgebraicLattice
IsEmbeddingProjectionPair
isLeast_kleeneFix_factFun
IsLUB
Isomorphism.scottContinuous_smashPair
Isomorphism.scottContinuous_smashVal
Isomorphism.smashPair
Isomorphism.smashVal
isProjection_compHom
isProjectionEmbeddingPair_smash
isProjection_plotkin
IsRecursive
IsRepresentable
isRepresentable_comp
IsRepresentable.comp
isRepresentable_const
JungFinite.thm18_of_propertyM
kleeneFix
kleeneFix_factFun_apply
kleeneFix_factFun_eq
kOne_ne_bot
lakefile.toml
lam_app
LambdaModel
lem17_fun
lem17_plotkin
lemma
lemma28AtU_of''
liftMap
map_comp
map_id
map_kleeneFix_of_commutes
map_le_map
Mathlib.Topology.Order.ScottTopology
Membership
mem_of_isLUB
mem_upper_eta
metric
MinimalUpperBounds
Morphism.coalSumMap
Morphism.lean
Morphism.liftMap
Morphism.prodMap
Morphism.sepSumMap
Morphism.smashMap
mpairMap_eta
multiCopair
multiPair
multiProd
multiSum
Nat.bitwise
NatBot
Nat.lor
natRange
Nat.testBit
no_common_refinement
nonempty_effectivePresentation
not_boundedComplete_plotkin_TT
not_countable_powersetNat
not_exists_isLUB
not_exists_isLUB_univ_nat
not_kOne_le_bot
not_setU'_le_setV'
not_up_comp_down_le
_of_hoare
_of_smyth
op_comm
op_idem
pair_fst_snd
PaperInventory.md
PartialOrder
pdftotext
Ple_pset_iff
PlotkinCarrier
Plotkin.FinCompacts.pair
plotkin_le_iff
plotkin_natBot_orderIso
plotkinOf_surjective
Plotkin.Powerdomain
plotkin_printed_clause_one_fails
PowerdomainCompacts.finitaryProjection_not_maps_compacts
PowerdomainCompacts.lean
PowerdomainMap
PowerdomainMap.exists_unique_map
PowerdomainMap.isProjection_plotkin
PowerdomainMap.lean
PowerdomainMap.plotkin
PowerdomainMap.plotkin_comp
PowerdomainMap.plotkin_id
PowerdomainMapRep.lean
PowerdomainMap.Rep.repSmythAtU
PowerdomainMap.thm_map_plotkin
PowerdomainRep.recursiveDomain_prod
PRepFun.lean
PreservesRecursivePresentation
Primrec
principal
principalFilter
prodMap
prodMap_comp
Prop
PropertiesVsTheorems.md
PropertyM.isBifinite_of_mubClosure_finite
recoverAt
recursiveDomain_funSpace
recursiveDomain_prod
Recursive.IsRepresentable₂.diag
RecursiveLE
RecursiveNormal
RecursivePresentation
Recursive.recursiveDomain_funSpace
repHoareAtU
REPred
scottContinuous_extension
scottContinuous_factFun
scottContinuous_of_monotone
scottContinuous_set_iff.mpr
scottContinuous_smashPair
ScottDomains.Effective.operator_preserves_effectivePresentation
ScottDomains.Effective.StepFunctionsDecidable
ScottDomains.Effective.theorem7_arrow
ScottDomains.Effective.theorem7_strict
ScottDomains.Flat.NatBot
ScottDomains.Flat.not_boundedComplete_plotkin_TT
ScottDomains.Flat.omega_not_cpo
ScottDomains.Flat.omegaTop_monotone_not_continuous
ScottDomains.Flat.scottContinuous_of_monotone
ScottDomains.Kleene.characterization_powersetNat
ScottDomains.Kleene.extension_iUnion
ScottDomains.Kleene.kleeneOperator_isUniform
ScottDomains.Kleene.monotone_extension
ScottDomains.Kleene.NatBot
ScottDomains.Kleene.scottContinuous_kleeneFix
ScottDomains.lean
ScottDomains.thm18
scottHom
ScottHom
ScottHom.const
ScottHom.exists_ofPairs_of_isCompactElement
ScottHom.IsEmbeddingProjectionPair
ScottHom.IsProjection
ScottHom.ofPairs
Section62
separatedSumCopair
SeparatelyScottContinuous
setU
setU'
setU_le_setU'
setU'_minimal
setV
setV'
setV'_minimal
Skeleton.Recovered.thm14
smash
smashMap
smashMap_unique
smashProdMap
smyth_bot_eq_bot
SmythCarrier
smyth_le_bot_iff
smyth_le_iff_of_not_trivial
smyth_natBot_orderIso
smythOf_surjective
smyth_oneBot_eq_bot
smyth_oneBot_eq_bot_eq_unit_bot
Smyth.Powerdomain
sorry
sorryAx
sSup
sSup_recoverAt
StatementRecovery.md
stgEmb_ne_mk_eta
strictComp
strictFun_bot
StrictHom
structure
subst
SupSet
theorem
theorem1
theorem3_existsUnique
theorem7_arrow
Theorem7ArrowRecursive
Theorem7StrictRecursive
thm12
thm_map_hoare
thm_map_plotkin
thm_map_smyth
truth_forall_eq
UniformFixedPoint.lean
union
unit
unsmash
upperClosure
Vaught
WithBot.unbot
WithTop
