# r0028
# orchestrator — lake build ScottDomains.Skeleton.Lemma17
# checkout: /home/milnes/projects/ScottLean4
# started: 2026-08-06T18:54:38-07:00
# lean: leanprover/lean4:v4.32.2
# host: Linux 7.0.0-28-generic x86_64, 20 cores
### === lake build ScottDomains.Skeleton.Lemma17 ===
Build completed successfully (844 jobs).
--- times ---
Elapsed (wall clock): 0:00.73
Maximum resident set size (kbytes): 806232
--- build ---
finished:       2026-08-06T18:54:38-07:00
exit status:    0
user cpu:       0.49s
system cpu:     0.27s
cpu use:        104%
peak rss:       787 MiB
jobs:           844
errors:         0
sorry decls:    0
other warnings: 0
