# r0032
# orchestrator — lake build (whole library)
# checkout: /home/milnes/projects/ScottLean4
# started: 2026-08-06T21:51:08-07:00
# lean: leanprover/lean4:v4.32.2
# host: Linux 7.0.0-28-generic x86_64, 20 cores
### === lake build  ===
⚠ [958/1072] Replayed ScottDomains.Skeleton.Section6
warning: ScottDomains/Skeleton/Section6.lean:196:8: declaration uses `sorry`
⚠ [962/1072] Replayed ScottDomains.Skeleton.Recovered
warning: ScottDomains/Skeleton/Recovered.lean:99:8: declaration uses `sorry`
warning: ScottDomains/Skeleton/Recovered.lean:106:8: declaration uses `sorry`
warning: ScottDomains/Skeleton/Recovered.lean:124:8: declaration uses `sorry`
warning: ScottDomains/Skeleton/Recovered.lean:134:8: declaration uses `sorry`
warning: ScottDomains/Skeleton/Recovered.lean:148:8: declaration uses `sorry`
warning: ScottDomains/Skeleton/Recovered.lean:159:8: declaration uses `sorry`
warning: ScottDomains/Skeleton/Recovered.lean:214:8: declaration uses `sorry`
ℹ [965/1072] Replayed ScottDomains.ExistingTheories
info: ScottDomains/ExistingTheories.lean:15:0: OmegaCompletePartialOrder : Type u_1 → Type u_1
info: ScottDomains/ExistingTheories.lean:16:0: CompletePartialOrder : Type u_1 → Type u_1
info: ScottDomains/ExistingTheories.lean:19:0: @ScottContinuous : {α : Type u_1} → {β : Type u_2} → [Preorder α] → [Preorder β] → (α → β) → Prop
info: ScottDomains/ExistingTheories.lean:20:0: @ScottContinuousOn : {α : Type u_1} → {β : Type u_2} → [Preorder α] → [Preorder β] → Set (Set α) → (α → β) → Prop
info: ScottDomains/ExistingTheories.lean:23:0: Topology.IsScott : (α : Type u_1) → Set (Set α) → [Preorder α] → [TopologicalSpace α] → Prop
info: ScottDomains/ExistingTheories.lean:24:0: Topology.IsScottHausdorff : (α : Type u_1) → Set (Set α) → [Preorder α] → [TopologicalSpace α] → Prop
info: ScottDomains/ExistingTheories.lean:27:0: @OrderHom.lfp : {α : Type u_1} → [inst : CompleteLattice α] → (α →o α) →o α
info: ScottDomains/ExistingTheories.lean:28:0: @OrderHom.gfp : {α : Type u_1} → [inst : CompleteLattice α] → (α →o α) →o α
✔ [1071/1072] Built ScottDomains.ContinuousAlgebra (2.7s)
Build completed successfully (1072 jobs).
--- times ---
Elapsed (wall clock): 0:04.42
Maximum resident set size (kbytes): 1746472
--- build ---
finished:         2026-08-06T21:51:14-07:00
exit status:      0
user cpu:         6.59s
system cpu:       1.19s
cpu use:          176%
peak rss single:  1705 MiB (largest one process, GNU time)
peak pss tree:    1826 MiB (process group, shared pages apportioned)
peak rss tree:    2485 MiB (process group, shared pages counted per process)
jobs:             1072
lean diagnostics: 0
lake errors:      0
sorry decls:      8
other warnings:   0
