# r0028
# orchestrator — lake build ScottDomains.Skeleton.Lemma17
# checkout: /home/milnes/projects/ScottLean4
# started: 2026-08-06T18:54:59-07:00
# lean: leanprover/lean4:v4.32.2
# host: Linux 7.0.0-28-generic x86_64, 20 cores
### === lake build ScottDomains.Skeleton.Lemma17 ===
✔ [844/844] Built ScottDomains.Skeleton.Lemma17 (882ms)
Build completed successfully (844 jobs).
--- times ---
Elapsed (wall clock): 0:01.67
Maximum resident set size (kbytes): 1714940
--- build ---
finished:       2026-08-06T18:55:01-07:00
exit status:    0
user cpu:       1.89s
system cpu:     0.50s
cpu use:        142%
peak rss:       1674 MiB
jobs:           844
errors:         0
sorry decls:    0
other warnings: 0
