# r0048
# orchestrator — lake build (whole library)
# checkout: /home/milnes/projects/ScottLean4
# started: 2026-08-09T13:59:32-07:00
# lean: leanprover/lean4:v4.32.2
# host: Linux 7.0.0-28-generic x86_64, 20 cores
### === lake build  ===
ℹ [1343/1365] Replayed ScottDomains.ExistingTheories
info: ScottDomains/ExistingTheories.lean:15:0: OmegaCompletePartialOrder : Type u_1 → Type u_1
info: ScottDomains/ExistingTheories.lean:16:0: CompletePartialOrder : Type u_1 → Type u_1
info: ScottDomains/ExistingTheories.lean:19:0: @ScottContinuous : {α : Type u_1} → {β : Type u_2} → [Preorder α] → [Preorder β] → (α → β) → Prop
info: ScottDomains/ExistingTheories.lean:20:0: @ScottContinuousOn : {α : Type u_1} → {β : Type u_2} → [Preorder α] → [Preorder β] → Set (Set α) → (α → β) → Prop
info: ScottDomains/ExistingTheories.lean:23:0: Topology.IsScott : (α : Type u_1) → Set (Set α) → [Preorder α] → [TopologicalSpace α] → Prop
info: ScottDomains/ExistingTheories.lean:24:0: Topology.IsScottHausdorff : (α : Type u_1) → Set (Set α) → [Preorder α] → [TopologicalSpace α] → Prop
info: ScottDomains/ExistingTheories.lean:27:0: @OrderHom.lfp : {α : Type u_1} → [inst : CompleteLattice α] → (α →o α) →o α
info: ScottDomains/ExistingTheories.lean:28:0: @OrderHom.gfp : {α : Type u_1} → [inst : CompleteLattice α] → (α →o α) →o α
✔ [1359/1365] Built ScottDomains.Skeleton.Section6 (723ms)
✔ [1360/1365] Built ScottDomains.A1Theorem2 (734ms)
✔ [1361/1365] Built ScottDomains.Audit.Projections (723ms)
✔ [1362/1365] Built ScottDomains.A3Thm29 (791ms)
✔ [1363/1365] Built ScottDomains.A3Lemma30Schemes (762ms)
✔ [1364/1365] Built ScottDomains.A5Unfinished (716ms)
Build completed successfully (1365 jobs).
--- times ---
Elapsed (wall clock): 0:03.75
Maximum resident set size (kbytes): 1839052
--- build ---
finished:         2026-08-09T13:59:36-07:00
exit status:      0
user cpu:         4.70s
system cpu:       1.61s
cpu use:          168%
peak rss single:  1795 MiB (largest one process, GNU time)
peak pss tree:    2037 MiB (process group, shared pages apportioned)
peak rss tree:    4247 MiB (process group, shared pages counted per process)
jobs:             1365
lean diagnostics: 0
lake errors:      0
sorry decls:      0
other warnings:   0
