# r0095
# orchestrator — lake build (whole library)
# package: /home/milnes/projects/ScottLean4/Ericson/scott1972
# started: 2026-08-20T11:09:08-07:00
# lean: leanprover/lean4:v4.30.0
# host: Linux 7.0.0-28-generic x86_64, 20 cores
### === lake build  ===
⚠ [916/936] Replayed Scott1972.ContinuousLattice.Constructions
warning: Scott1972/ContinuousLattice/Constructions.lean:269:0: automatically included section variable(s) unused in theorem `Scott1972.ContinuousLattice.scottExtend_aux_nonempty`:
  [TopologicalSpace X]
consider restructuring your `variable` declarations so that the variables are not in scope or explicitly omit them:
  omit [TopologicalSpace X] in theorem ...

Note: This linter can be disabled with `set_option linter.unusedSectionVars false`
warning: Scott1972/ContinuousLattice/Constructions.lean:275:0: automatically included section variable(s) unused in theorem `Scott1972.ContinuousLattice.scottExtend_aux_directed`:
  [TopologicalSpace X]
consider restructuring your `variable` declarations so that the variables are not in scope or explicitly omit them:
  omit [TopologicalSpace X] in theorem ...

Note: This linter can be disabled with `set_option linter.unusedSectionVars false`
warning: Scott1972/ContinuousLattice/Constructions.lean:357:0: automatically included section variable(s) unused in theorem `Scott1972.ContinuousLattice.scottExtend_maximal`:
  [TopologicalSpace X]
consider restructuring your `variable` declarations so that the variables are not in scope or explicitly omit them:
  omit [TopologicalSpace X] in theorem ...

Note: This linter can be disabled with `set_option linter.unusedSectionVars false`
warning: Scott1972/ContinuousLattice/Constructions.lean:373:0: automatically included section variable(s) unused in theorem `Scott1972.ContinuousLattice.scottExtend_maximal_le`:
  [TopologicalSpace X]
consider restructuring your `variable` declarations so that the variables are not in scope or explicitly omit them:
  omit [TopologicalSpace X] in theorem ...

Note: This linter can be disabled with `set_option linter.unusedSectionVars false`
warning: Scott1972/ContinuousLattice/Constructions.lean:397:7: unused variable `f'`

Note: This linter can be disabled with `set_option linter.unusedVariables false`
⚠ [931/936] Replayed Scott1972.ContinuousLattice.FunctionSpaces
warning: Scott1972/ContinuousLattice/FunctionSpaces.lean:758:8: This simp argument is unused:
  Set.image_id

Hint: Omit it from the simp argument list.
  simp ̵[̵S̵e̵t̵.̵i̵m̵a̵g̵e̵_̵i̵d̵]̵

Note: This linter can be disabled with `set_option linter.unusedSimpArgs false`
warning: Scott1972/ContinuousLattice/FunctionSpaces.lean:1131:5: unused variable `hi`

Note: This linter can be disabled with `set_option linter.unusedVariables false`
warning: Scott1972/ContinuousLattice/FunctionSpaces.lean:1201:0: automatically included section variable(s) unused in theorem `Scott1972.ContinuousLattice.scottMap_eq_sSup_openInfs`:
  [TopologicalSpace Y]
consider restructuring your `variable` declarations so that the variables are not in scope or explicitly omit them:
  omit [TopologicalSpace Y] in theorem ...

Note: This linter can be disabled with `set_option linter.unusedSectionVars false`
warning: Scott1972/ContinuousLattice/FunctionSpaces.lean:1231:0: automatically included section variable(s) unused in theorem `Scott1972.ContinuousLattice.scottSubspaceExtendInf_eq_of_comp`:
  [TopologicalSpace X]
  [TopologicalSpace Y]
consider restructuring your `variable` declarations so that the variables are not in scope or explicitly omit them:
  omit [TopologicalSpace X] [TopologicalSpace Y] in theorem ...

Note: This linter can be disabled with `set_option linter.unusedSectionVars false`
warning: Scott1972/ContinuousLattice/FunctionSpaces.lean:1281:0: automatically included section variable(s) unused in theorem `Scott1972.ContinuousLattice.scottSubspaceExtend_mono`:
  [TopologicalSpace X]
  [TopologicalSpace Y]
consider restructuring your `variable` declarations so that the variables are not in scope or explicitly omit them:
  omit [TopologicalSpace X] [TopologicalSpace Y] in theorem ...

Note: This linter can be disabled with `set_option linter.unusedSectionVars false`
warning: Scott1972/ContinuousLattice/FunctionSpaces.lean:1291:0: automatically included section variable(s) unused in theorem `Scott1972.ContinuousLattice.scottSubspaceExtendInf_eq_of_ext`:
  [TopologicalSpace X]
  [TopologicalSpace Y]
  [CompleteLattice Y]
consider restructuring your `variable` declarations so that the variables are not in scope or explicitly omit them:
  omit [TopologicalSpace X] [TopologicalSpace Y] [CompleteLattice Y] in theorem ...

Note: This linter can be disabled with `set_option linter.unusedSectionVars false`
warning: Scott1972/ContinuousLattice/FunctionSpaces.lean:1305:0: automatically included section variable(s) unused in theorem `Scott1972.ContinuousLattice.scottSubspaceExtendInf_mono_retr`:
  [TopologicalSpace X]
  [TopologicalSpace Y]
  [CompleteLattice Y]
consider restructuring your `variable` declarations so that the variables are not in scope or explicitly omit them:
  omit [TopologicalSpace X] [TopologicalSpace Y] [CompleteLattice Y] in theorem ...

Note: This linter can be disabled with `set_option linter.unusedSectionVars false`
warning: Scott1972/ContinuousLattice/FunctionSpaces.lean:1314:0: automatically included section variable(s) unused in theorem `Scott1972.ContinuousLattice.scottSubspaceExtendInf_mono_incl`:
  [TopologicalSpace X]
  [TopologicalSpace Y]
  [CompleteLattice Y]
consider restructuring your `variable` declarations so that the variables are not in scope or explicitly omit them:
  omit [TopologicalSpace X] [TopologicalSpace Y] [CompleteLattice Y] in theorem ...

Note: This linter can be disabled with `set_option linter.unusedSectionVars false`
warning: Scott1972/ContinuousLattice/FunctionSpaces.lean:1326:0: automatically included section variable(s) unused in theorem `Scott1972.ContinuousLattice.scottSubspaceExtendInf_mono_incl_apply`:
  [TopologicalSpace X]
  [TopologicalSpace Y]
  [CompleteLattice Y]
consider restructuring your `variable` declarations so that the variables are not in scope or explicitly omit them:
  omit [TopologicalSpace X] [TopologicalSpace Y] [CompleteLattice Y] in theorem ...

Note: This linter can be disabled with `set_option linter.unusedSectionVars false`
Build completed successfully (936 jobs).
--- times ---
Elapsed (wall clock): 0:00.92
Maximum resident set size (kbytes): 819156
--- build ---
finished:         2026-08-20T11:09:09-07:00
exit status:      0
jobs:             936
lean diagnostics: 0
lake errors:      0
sorry decls:      0
other warnings:   14
