# r0029
# orchestrator — lake build (whole library)
# checkout: /home/milnes/projects/ScottLean4
# started: 2026-08-06T19:50:41-07:00
# lean: leanprover/lean4:v4.32.2
# host: Linux 7.0.0-28-generic x86_64, 20 cores
### === lake build  ===
✔ [937/975] Built ScottDomains (581ms)
✔ [938/975] Built ScottDomains.WayBelow (689ms)
ℹ [939/975] Built ScottDomains.ExistingTheories (632ms)
info: ScottDomains/ExistingTheories.lean:15:0: OmegaCompletePartialOrder : Type u_1 → Type u_1
info: ScottDomains/ExistingTheories.lean:16:0: CompletePartialOrder : Type u_1 → Type u_1
info: ScottDomains/ExistingTheories.lean:19:0: @ScottContinuous : {α : Type u_1} → {β : Type u_2} → [Preorder α] → [Preorder β] → (α → β) → Prop
info: ScottDomains/ExistingTheories.lean:20:0: @ScottContinuousOn : {α : Type u_1} → {β : Type u_2} → [Preorder α] → [Preorder β] → Set (Set α) → (α → β) → Prop
info: ScottDomains/ExistingTheories.lean:23:0: Topology.IsScott : (α : Type u_1) → Set (Set α) → [Preorder α] → [TopologicalSpace α] → Prop
info: ScottDomains/ExistingTheories.lean:24:0: Topology.IsScottHausdorff : (α : Type u_1) → Set (Set α) → [Preorder α] → [TopologicalSpace α] → Prop
info: ScottDomains/ExistingTheories.lean:27:0: @OrderHom.lfp : {α : Type u_1} → [inst : CompleteLattice α] → (α →o α) →o α
info: ScottDomains/ExistingTheories.lean:28:0: @OrderHom.gfp : {α : Type u_1} → [inst : CompleteLattice α] → (α →o α) →o α
✔ [940/975] Built ScottDomains.Domain (693ms)
✔ [941/975] Built ScottDomains.FixedPoint (846ms)
✔ [942/975] Built ScottDomains.Powerset (860ms)
✔ [943/975] Built ScottDomains.NormalSubposet (986ms)
✔ [944/975] Built ScottDomains.ScottHom (1.1s)
✔ [945/975] Built ScottDomains.CoalescedSum (1.1s)
✔ [946/975] Built ScottDomains.Lift (1.2s)
✔ [947/975] Built ScottDomains.IdealCompletion (1.4s)
✔ [948/975] Built ScottDomains.Bifinite (897ms)
✔ [949/975] Built ScottDomains.StepFunction (933ms)
✔ [950/975] Built ScottDomains.Projection (1.1s)
✔ [951/975] Built ScottDomains.Product (1.1s)
✔ [952/975] Built ScottDomains.StrictHom (1.2s)
✔ [953/975] Built ScottDomains.EffectivePresentation (1.3s)
✔ [954/975] Built ScottDomains.UniformFixedPoint (1.4s)
✔ [955/975] Built ScottDomains.Powerdomain.Plotkin (1.1s)
✔ [956/975] Built ScottDomains.Powerdomain.Hoare (1.2s)
✔ [957/975] Built ScottDomains.Powerdomain.Smyth (1.3s)
✔ [958/975] Built ScottDomains.FunctionSpaceDomain (924ms)
✔ [959/975] Built ScottDomains.MinimalUpperBounds (1.3s)
✔ [960/975] Built ScottDomains.Smash (1.0s)
✔ [961/975] Built ScottDomains.FinitaryProjection (1.0s)
✔ [962/975] Built ScottDomains.Currying (1.1s)
✔ [963/975] Built ScottDomains.CompactFunction (829ms)
✔ [964/975] Built ScottDomains.NormalProjection (764ms)
✔ [965/975] Built ScottDomains.Skeleton.Sum (1.3s)
✔ [966/975] Built ScottDomains.FunctionSpaceCountable (818ms)
✔ [967/975] Built ScottDomains.Theorem6 (874ms)
✔ [968/975] Built ScottDomains.Skeleton.Lemma10 (887ms)
⚠ [969/975] Built ScottDomains.Skeleton.Section6 (887ms)
warning: ScottDomains/Skeleton/Section6.lean:196:8: declaration uses `sorry`
✔ [970/975] Built ScottDomains.Skeleton.Lemma17 (997ms)
✔ [971/975] Built ScottDomains.FinitaryProjectionPoset (1.0s)
✔ [972/975] Built ScottDomains.UniversalDomain (1.1s)
✔ [973/975] Built ScottDomains.Skeleton.Section6b (650ms)
✔ [974/975] Built ScottDomains.RecursiveDomain (745ms)
Build completed successfully (975 jobs).
--- times ---
Elapsed (wall clock): 0:09.54
Maximum resident set size (kbytes): 1756260
--- build ---
finished:         2026-08-06T19:50:51-07:00
exit status:      0
user cpu:         40.62s
system cpu:       9.58s
cpu use:          525%
peak rss single:  1715 MiB (largest one process, GNU time)
peak pss tree:    2551 MiB (process group, shared pages apportioned)
peak rss tree:    14778 MiB (process group, shared pages counted per process)
jobs:             975
lean diagnostics: 0
lake errors:      0
sorry decls:      1
other warnings:   0
