# r0041
# orchestrator — lake build (whole library)
# checkout: /home/milnes/projects/ScottLean4
# started: 2026-08-08T13:28:23-07:00
# lean: leanprover/lean4:v4.32.2
# host: Linux 7.0.0-28-generic x86_64, 20 cores
### === lake build  ===
⚠ [975/1083] Replayed ScottDomains.Skeleton.Section6
warning: ScottDomains/Skeleton/Section6.lean:196:8: declaration uses `sorry`
ℹ [1275/1285] Replayed ScottDomains.ExistingTheories
info: ScottDomains/ExistingTheories.lean:15:0: OmegaCompletePartialOrder : Type u_1 → Type u_1
info: ScottDomains/ExistingTheories.lean:16:0: CompletePartialOrder : Type u_1 → Type u_1
info: ScottDomains/ExistingTheories.lean:19:0: @ScottContinuous : {α : Type u_1} → {β : Type u_2} → [Preorder α] → [Preorder β] → (α → β) → Prop
info: ScottDomains/ExistingTheories.lean:20:0: @ScottContinuousOn : {α : Type u_1} → {β : Type u_2} → [Preorder α] → [Preorder β] → Set (Set α) → (α → β) → Prop
info: ScottDomains/ExistingTheories.lean:23:0: Topology.IsScott : (α : Type u_1) → Set (Set α) → [Preorder α] → [TopologicalSpace α] → Prop
info: ScottDomains/ExistingTheories.lean:24:0: Topology.IsScottHausdorff : (α : Type u_1) → Set (Set α) → [Preorder α] → [TopologicalSpace α] → Prop
info: ScottDomains/ExistingTheories.lean:27:0: @OrderHom.lfp : {α : Type u_1} → [inst : CompleteLattice α] → (α →o α) →o α
info: ScottDomains/ExistingTheories.lean:28:0: @OrderHom.gfp : {α : Type u_1} → [inst : CompleteLattice α] → (α →o α) →o α
✔ [1279/1285] Built ScottDomains.Kleene.Extension (812ms)
✔ [1280/1285] Built ScottDomains.Kleene.FixContinuous (834ms)
✔ [1281/1285] Built ScottDomains.Kleene.Graph (872ms)
✔ [1282/1285] Built ScottDomains.Kleene.Factorial (945ms)
✔ [1283/1285] Built ScottDomains.Kleene.Grammar (843ms)
✔ [1284/1285] Built ScottDomains.Kleene.Uniform (743ms)
Build completed successfully (1285 jobs).
--- times ---
Elapsed (wall clock): 0:02.43
Maximum resident set size (kbytes): 1703816
--- build ---
finished:         2026-08-08T13:28:27-07:00
exit status:      0
user cpu:         5.79s
system cpu:       1.65s
cpu use:          305%
peak rss single:  1663 MiB (largest one process, GNU time)
peak pss tree:    1590 MiB (process group, shared pages apportioned)
peak rss tree:    7043 MiB (process group, shared pages counted per process)
jobs:             1285
lean diagnostics: 0
lake errors:      0
sorry decls:      1
other warnings:   0
