# r0050
# orchestrator — lake build (whole library)
# checkout: /home/milnes/projects/ScottLean4
# started: 2026-08-10T14:45:04-07:00
# lean: leanprover/lean4:v4.32.2
# host: Linux 7.0.0-28-generic x86_64, 20 cores
### === lake build  ===
ℹ [1345/1372] Replayed ScottDomains.ExistingTheories
info: ScottDomains/ExistingTheories.lean:15:0: OmegaCompletePartialOrder : Type u_1 → Type u_1
info: ScottDomains/ExistingTheories.lean:16:0: CompletePartialOrder : Type u_1 → Type u_1
info: ScottDomains/ExistingTheories.lean:19:0: @ScottContinuous : {α : Type u_1} → {β : Type u_2} → [Preorder α] → [Preorder β] → (α → β) → Prop
info: ScottDomains/ExistingTheories.lean:20:0: @ScottContinuousOn : {α : Type u_1} → {β : Type u_2} → [Preorder α] → [Preorder β] → Set (Set α) → (α → β) → Prop
info: ScottDomains/ExistingTheories.lean:23:0: Topology.IsScott : (α : Type u_1) → Set (Set α) → [Preorder α] → [TopologicalSpace α] → Prop
info: ScottDomains/ExistingTheories.lean:24:0: Topology.IsScottHausdorff : (α : Type u_1) → Set (Set α) → [Preorder α] → [TopologicalSpace α] → Prop
info: ScottDomains/ExistingTheories.lean:27:0: @OrderHom.lfp : {α : Type u_1} → [inst : CompleteLattice α] → (α →o α) →o α
info: ScottDomains/ExistingTheories.lean:28:0: @OrderHom.gfp : {α : Type u_1} → [inst : CompleteLattice α] → (α →o α) →o α
✔ [1361/1372] Built ScottDomains.Colimit (1.2s)
✔ [1362/1372] Built ScottDomains.LemThirty (912ms)
✔ [1363/1372] Built ScottDomains.A1R46 (844ms)
✔ [1364/1372] Built ScottDomains.A4RepArrow (907ms)
✔ [1365/1372] Built ScottDomains.A3Thm29 (946ms)
✔ [1366/1372] Built ScottDomains.A2Thm29Universal (1.3s)
✔ [1367/1372] Built ScottDomains.A3Lemma30Schemes (852ms)
✔ [1368/1372] Built ScottDomains.A1Lemma24 (1.1s)
✔ [1369/1372] Built ScottDomains.A5Unfinished (827ms)
✔ [1370/1372] Built ScottDomains.A6ProjectionBifinite (939ms)
✔ [1371/1372] Built ScottDomains.A5Thm29Finite (853ms)
Build completed successfully (1372 jobs).
--- times ---
Elapsed (wall clock): 0:06.16
Maximum resident set size (kbytes): 1840368
--- build ---
finished:         2026-08-10T14:45:11-07:00
exit status:      0
user cpu:         13.20s
system cpu:       3.01s
cpu use:          262%
peak rss single:  1797 MiB (largest one process, GNU time)
peak pss tree:    2679 MiB (process group, shared pages apportioned)
peak rss tree:    7608 MiB (process group, shared pages counted per process)
jobs:             1372
lean diagnostics: 0
lake errors:      0
sorry decls:      0
other warnings:   0
