# r0028
# orchestrator — lake build (whole library)
# checkout: /home/milnes/projects/ScottLean4
# started: 2026-08-06T19:09:50-07:00
# lean: leanprover/lean4:v4.32.2
# host: Linux 7.0.0-28-generic x86_64, 20 cores
### === lake build  ===
⚠ [955/962] Replayed ScottDomains.Skeleton.Section6
warning: ScottDomains/Skeleton/Section6.lean:196:8: declaration uses `sorry`
ℹ [956/962] Replayed ScottDomains.ExistingTheories
info: ScottDomains/ExistingTheories.lean:15:0: OmegaCompletePartialOrder : Type u_1 → Type u_1
info: ScottDomains/ExistingTheories.lean:16:0: CompletePartialOrder : Type u_1 → Type u_1
info: ScottDomains/ExistingTheories.lean:19:0: @ScottContinuous : {α : Type u_1} → {β : Type u_2} → [Preorder α] → [Preorder β] → (α → β) → Prop
info: ScottDomains/ExistingTheories.lean:20:0: @ScottContinuousOn : {α : Type u_1} → {β : Type u_2} → [Preorder α] → [Preorder β] → Set (Set α) → (α → β) → Prop
info: ScottDomains/ExistingTheories.lean:23:0: Topology.IsScott : (α : Type u_1) → Set (Set α) → [Preorder α] → [TopologicalSpace α] → Prop
info: ScottDomains/ExistingTheories.lean:24:0: Topology.IsScottHausdorff : (α : Type u_1) → Set (Set α) → [Preorder α] → [TopologicalSpace α] → Prop
info: ScottDomains/ExistingTheories.lean:27:0: @OrderHom.lfp : {α : Type u_1} → [inst : CompleteLattice α] → (α →o α) →o α
info: ScottDomains/ExistingTheories.lean:28:0: @OrderHom.gfp : {α : Type u_1} → [inst : CompleteLattice α] → (α →o α) →o α
Build completed successfully (962 jobs).
--- times ---
Elapsed (wall clock): 0:00.72
Maximum resident set size (kbytes): 811492
--- build ---
finished:         2026-08-06T19:09:52-07:00
exit status:      0
user cpu:         0.55s
system cpu:       0.30s
cpu use:          119%
peak rss single:  792 MiB (largest one process, GNU time)
peak pss tree:    769 MiB (process group, shared pages apportioned)
peak rss tree:    773 MiB (process group, shared pages counted per process)
jobs:             962
lean diagnostics: 0
lake errors:      0
sorry decls:      1
other warnings:   0
