# r0049
# orchestrator — lake build (whole library)
# checkout: /home/milnes/projects/ScottLean4
# started: 2026-08-10T14:15:55-07:00
# lean: leanprover/lean4:v4.32.2
# host: Linux 7.0.0-28-generic x86_64, 20 cores
### === lake build  ===
ℹ [1341/1372] Replayed ScottDomains.ExistingTheories
info: ScottDomains/ExistingTheories.lean:15:0: OmegaCompletePartialOrder : Type u_1 → Type u_1
info: ScottDomains/ExistingTheories.lean:16:0: CompletePartialOrder : Type u_1 → Type u_1
info: ScottDomains/ExistingTheories.lean:19:0: @ScottContinuous : {α : Type u_1} → {β : Type u_2} → [Preorder α] → [Preorder β] → (α → β) → Prop
info: ScottDomains/ExistingTheories.lean:20:0: @ScottContinuousOn : {α : Type u_1} → {β : Type u_2} → [Preorder α] → [Preorder β] → Set (Set α) → (α → β) → Prop
info: ScottDomains/ExistingTheories.lean:23:0: Topology.IsScott : (α : Type u_1) → Set (Set α) → [Preorder α] → [TopologicalSpace α] → Prop
info: ScottDomains/ExistingTheories.lean:24:0: Topology.IsScottHausdorff : (α : Type u_1) → Set (Set α) → [Preorder α] → [TopologicalSpace α] → Prop
info: ScottDomains/ExistingTheories.lean:27:0: @OrderHom.lfp : {α : Type u_1} → [inst : CompleteLattice α] → (α →o α) →o α
info: ScottDomains/ExistingTheories.lean:28:0: @OrderHom.gfp : {α : Type u_1} → [inst : CompleteLattice α] → (α →o α) →o α
✔ [1360/1372] Built ScottDomains.A7Thm26Arity (869ms)
✔ [1361/1372] Built ScottDomains.A7SneqRows (868ms)
✔ [1362/1372] Built ScottDomains.Effective.FunctionSpace (975ms)
✔ [1363/1372] Built ScottDomains.A5Thm29Finite (957ms)
✔ [1364/1372] Built ScottDomains.A6ProjectionBifinite (1.0s)
✔ [1365/1372] Built ScottDomains.Effective.A3FreeCarrier (711ms)
✔ [1366/1372] Built ScottDomains.Effective.A3StrictRecursive (859ms)
✔ [1367/1372] Built ScottDomains.Effective.A1FlatRecursive (782ms)
✔ [1368/1372] Built ScottDomains.Effective.A2Compactness (1.1s)
✔ [1369/1372] Built ScottDomains.Effective.A3StepDecidable (941ms)
✔ [1370/1372] Built ScottDomains.A1R46 (713ms)
✔ [1371/1372] Built ScottDomains.Effective.A4Recursion (4.5s)
Build completed successfully (1372 jobs).
--- times ---
Elapsed (wall clock): 0:08.88
Maximum resident set size (kbytes): 1834512
--- build ---
finished:         2026-08-10T14:16:05-07:00
exit status:      0
user cpu:         17.04s
system cpu:       2.97s
cpu use:          225%
peak rss single:  1791 MiB (largest one process, GNU time)
peak pss tree:    2614 MiB (process group, shared pages apportioned)
peak rss tree:    9114 MiB (process group, shared pages counted per process)
jobs:             1372
lean diagnostics: 0
lake errors:      0
sorry decls:      0
other warnings:   0
