# r0046
# orchestrator — lake build (whole library)
# checkout: /home/milnes/projects/ScottLean4
# started: 2026-08-09T11:36:41-07:00
# lean: leanprover/lean4:v4.32.2
# host: Linux 7.0.0-28-generic x86_64, 20 cores
### === lake build  ===
ℹ [1329/1356] Replayed ScottDomains.ExistingTheories
info: ScottDomains/ExistingTheories.lean:15:0: OmegaCompletePartialOrder : Type u_1 → Type u_1
info: ScottDomains/ExistingTheories.lean:16:0: CompletePartialOrder : Type u_1 → Type u_1
info: ScottDomains/ExistingTheories.lean:19:0: @ScottContinuous : {α : Type u_1} → {β : Type u_2} → [Preorder α] → [Preorder β] → (α → β) → Prop
info: ScottDomains/ExistingTheories.lean:20:0: @ScottContinuousOn : {α : Type u_1} → {β : Type u_2} → [Preorder α] → [Preorder β] → Set (Set α) → (α → β) → Prop
info: ScottDomains/ExistingTheories.lean:23:0: Topology.IsScott : (α : Type u_1) → Set (Set α) → [Preorder α] → [TopologicalSpace α] → Prop
info: ScottDomains/ExistingTheories.lean:24:0: Topology.IsScottHausdorff : (α : Type u_1) → Set (Set α) → [Preorder α] → [TopologicalSpace α] → Prop
info: ScottDomains/ExistingTheories.lean:27:0: @OrderHom.lfp : {α : Type u_1} → [inst : CompleteLattice α] → (α →o α) →o α
info: ScottDomains/ExistingTheories.lean:28:0: @OrderHom.gfp : {α : Type u_1} → [inst : CompleteLattice α] → (α →o α) →o α
✔ [1344/1356] Built ScottDomains.PRepFun (2.7s)
✔ [1345/1356] Built ScottDomains.Lemma28AtU (1.3s)
✔ [1346/1356] Built ScottDomains.A3Thm29 (1.3s)
✔ [1347/1356] Built ScottDomains.Effective.FunctionSpace (1.4s)
✔ [1348/1356] Built ScottDomains.Audit.SectionSeven (1.3s)
✔ [1349/1356] Built ScottDomains.PowerdomainMapRep (1.6s)
✔ [1350/1356] Built ScottDomains.Effective.A1FlatRecursive (1.5s)
✔ [1351/1356] Built ScottDomains.Effective.A3StrictRecursive (1.6s)
✔ [1352/1356] Built ScottDomains.A2Lemma28 (1.4s)
✔ [1353/1356] Built ScottDomains.A4PowerdomainRep (1.5s)
✔ [1354/1356] Built ScottDomains.A1R46 (1.2s)
✔ [1355/1356] Built ScottDomains.A3Lemma30Schemes (1.4s)
Build completed successfully (1356 jobs).
--- times ---
Elapsed (wall clock): 0:10.19
Maximum resident set size (kbytes): 1837920
--- build ---
finished:         2026-08-09T11:36:52-07:00
exit status:      0
user cpu:         22.66s
system cpu:       5.45s
cpu use:          275%
peak rss single:  1794 MiB (largest one process, GNU time)
peak pss tree:    2158 MiB (process group, shared pages apportioned)
peak rss tree:    7339 MiB (process group, shared pages counted per process)
jobs:             1356
lean diagnostics: 0
lake errors:      0
sorry decls:      0
other warnings:   0
