# r0028
# orchestrator — lake build (whole library)
# checkout: /home/milnes/projects/ScottLean4
# started: 2026-08-06T18:55:47-07:00
# lean: leanprover/lean4:v4.32.2
# host: Linux 7.0.0-28-generic x86_64, 20 cores
### === lake build  ===
✔ [934/962] Built ScottDomains (670ms)
✔ [935/962] Built ScottDomains.WayBelow (765ms)
ℹ [936/962] Built ScottDomains.ExistingTheories (650ms)
info: ScottDomains/ExistingTheories.lean:15:0: OmegaCompletePartialOrder : Type u_1 → Type u_1
info: ScottDomains/ExistingTheories.lean:16:0: CompletePartialOrder : Type u_1 → Type u_1
info: ScottDomains/ExistingTheories.lean:19:0: @ScottContinuous : {α : Type u_1} → {β : Type u_2} → [Preorder α] → [Preorder β] → (α → β) → Prop
info: ScottDomains/ExistingTheories.lean:20:0: @ScottContinuousOn : {α : Type u_1} → {β : Type u_2} → [Preorder α] → [Preorder β] → Set (Set α) → (α → β) → Prop
info: ScottDomains/ExistingTheories.lean:23:0: Topology.IsScott : (α : Type u_1) → Set (Set α) → [Preorder α] → [TopologicalSpace α] → Prop
info: ScottDomains/ExistingTheories.lean:24:0: Topology.IsScottHausdorff : (α : Type u_1) → Set (Set α) → [Preorder α] → [TopologicalSpace α] → Prop
info: ScottDomains/ExistingTheories.lean:27:0: @OrderHom.lfp : {α : Type u_1} → [inst : CompleteLattice α] → (α →o α) →o α
info: ScottDomains/ExistingTheories.lean:28:0: @OrderHom.gfp : {α : Type u_1} → [inst : CompleteLattice α] → (α →o α) →o α
✔ [937/962] Built ScottDomains.Domain (703ms)
✔ [938/962] Built ScottDomains.FixedPoint (847ms)
✔ [939/962] Built ScottDomains.Powerset (855ms)
✔ [940/962] Built ScottDomains.Lift (870ms)
✔ [941/962] Built ScottDomains.NormalSubposet (929ms)
✔ [942/962] Built ScottDomains.ScottHom (975ms)
✔ [943/962] Built ScottDomains.CoalescedSum (908ms)
✔ [944/962] Built ScottDomains.Bifinite (847ms)
✔ [945/962] Built ScottDomains.EffectivePresentation (858ms)
✔ [946/962] Built ScottDomains.Product (1.0s)
✔ [947/962] Built ScottDomains.StepFunction (963ms)
✔ [948/962] Built ScottDomains.StrictHom (944ms)
✔ [949/962] Built ScottDomains.Projection (948ms)
✔ [950/962] Built ScottDomains.UniformFixedPoint (1.2s)
✔ [951/962] Built ScottDomains.FunctionSpaceDomain (814ms)
✔ [952/962] Built ScottDomains.FinitaryProjection (844ms)
✔ [953/962] Built ScottDomains.Smash (950ms)
✔ [954/962] Built ScottDomains.Currying (950ms)
✔ [955/962] Built ScottDomains.NormalProjection (727ms)
✔ [956/962] Built ScottDomains.CompactFunction (758ms)
✔ [957/962] Built ScottDomains.FunctionSpaceCountable (683ms)
✔ [958/962] Built ScottDomains.Theorem6 (721ms)
✔ [959/962] Built ScottDomains.Skeleton.Lemma10 (789ms)
⚠ [960/962] Built ScottDomains.Skeleton.Section6 (806ms)
warning: ScottDomains/Skeleton/Section6.lean:196:8: declaration uses `sorry`
✔ [961/962] Built ScottDomains.Skeleton.Lemma17 (946ms)
Build completed successfully (962 jobs).
--- times ---
Elapsed (wall clock): 0:07.34
Maximum resident set size (kbytes): 1714184
--- build ---
finished:       2026-08-06T18:55:55-07:00
exit status:    0
user cpu:       22.82s
system cpu:     6.39s
cpu use:        397%
peak rss:       1674 MiB
jobs:           962
errors:         0
sorry decls:    1
other warnings: 0
