# r0045
# orchestrator — lake build (whole library)
# checkout: /home/milnes/projects/ScottLean4
# started: 2026-08-08T21:41:40-07:00
# lean: leanprover/lean4:v4.32.2
# host: Linux 7.0.0-28-generic x86_64, 20 cores
### === lake build  ===
ℹ [1324/1344] Replayed ScottDomains.ExistingTheories
info: ScottDomains/ExistingTheories.lean:15:0: OmegaCompletePartialOrder : Type u_1 → Type u_1
info: ScottDomains/ExistingTheories.lean:16:0: CompletePartialOrder : Type u_1 → Type u_1
info: ScottDomains/ExistingTheories.lean:19:0: @ScottContinuous : {α : Type u_1} → {β : Type u_2} → [Preorder α] → [Preorder β] → (α → β) → Prop
info: ScottDomains/ExistingTheories.lean:20:0: @ScottContinuousOn : {α : Type u_1} → {β : Type u_2} → [Preorder α] → [Preorder β] → Set (Set α) → (α → β) → Prop
info: ScottDomains/ExistingTheories.lean:23:0: Topology.IsScott : (α : Type u_1) → Set (Set α) → [Preorder α] → [TopologicalSpace α] → Prop
info: ScottDomains/ExistingTheories.lean:24:0: Topology.IsScottHausdorff : (α : Type u_1) → Set (Set α) → [Preorder α] → [TopologicalSpace α] → Prop
info: ScottDomains/ExistingTheories.lean:27:0: @OrderHom.lfp : {α : Type u_1} → [inst : CompleteLattice α] → (α →o α) →o α
info: ScottDomains/ExistingTheories.lean:28:0: @OrderHom.gfp : {α : Type u_1} → [inst : CompleteLattice α] → (α →o α) →o α
✔ [1339/1344] Built ScottDomains.Effective.A1FlatRecursive (873ms)
✔ [1340/1344] Built ScottDomains.A5Thm137 (886ms)
✔ [1341/1344] Built ScottDomains.A3Thm29 (887ms)
✔ [1342/1344] Built ScottDomains.A2Lemma28 (964ms)
✔ [1343/1344] Built ScottDomains.A4PowerdomainRep (976ms)
Build completed successfully (1344 jobs).
--- times ---
Elapsed (wall clock): 0:02.01
Maximum resident set size (kbytes): 1830132
--- build ---
finished:         2026-08-08T21:41:43-07:00
exit status:      0
user cpu:         6.06s
system cpu:       1.58s
cpu use:          379%
peak rss single:  1787 MiB (largest one process, GNU time)
peak pss tree:    2673 MiB (process group, shared pages apportioned)
peak rss tree:    9268 MiB (process group, shared pages counted per process)
jobs:             1344
lean diagnostics: 0
lake errors:      0
sorry decls:      0
other warnings:   0
