# r0032
# orchestrator — lake build (whole library)
# checkout: /home/milnes/projects/ScottLean4
# started: 2026-08-06T21:14:52-07:00
# lean: leanprover/lean4:v4.32.2
# host: Linux 7.0.0-28-generic x86_64, 20 cores
### === lake build  ===
⚠ [958/1070] Replayed ScottDomains.Skeleton.Section6
warning: ScottDomains/Skeleton/Section6.lean:196:8: declaration uses `sorry`
ℹ [962/1070] Replayed ScottDomains.ExistingTheories
info: ScottDomains/ExistingTheories.lean:15:0: OmegaCompletePartialOrder : Type u_1 → Type u_1
info: ScottDomains/ExistingTheories.lean:16:0: CompletePartialOrder : Type u_1 → Type u_1
info: ScottDomains/ExistingTheories.lean:19:0: @ScottContinuous : {α : Type u_1} → {β : Type u_2} → [Preorder α] → [Preorder β] → (α → β) → Prop
info: ScottDomains/ExistingTheories.lean:20:0: @ScottContinuousOn : {α : Type u_1} → {β : Type u_2} → [Preorder α] → [Preorder β] → Set (Set α) → (α → β) → Prop
info: ScottDomains/ExistingTheories.lean:23:0: Topology.IsScott : (α : Type u_1) → Set (Set α) → [Preorder α] → [TopologicalSpace α] → Prop
info: ScottDomains/ExistingTheories.lean:24:0: Topology.IsScottHausdorff : (α : Type u_1) → Set (Set α) → [Preorder α] → [TopologicalSpace α] → Prop
info: ScottDomains/ExistingTheories.lean:27:0: @OrderHom.lfp : {α : Type u_1} → [inst : CompleteLattice α] → (α →o α) →o α
info: ScottDomains/ExistingTheories.lean:28:0: @OrderHom.gfp : {α : Type u_1} → [inst : CompleteLattice α] → (α →o α) →o α
✔ [1064/1070] Built ScottDomains.FinitaryProjectionPoset (862ms)
✔ [1065/1070] Built ScottDomains.Skeleton.Section6b (627ms)
✔ [1066/1070] Built ScottDomains.RecursiveDomain (728ms)
✔ [1067/1070] Built ScottDomains.FinitaryProjectionEmbedding (884ms)
✔ [1068/1070] Built ScottDomains.Powerdomain.Universal (858ms)
✔ [1069/1070] Built ScottDomains.Universality (804ms)
Build completed successfully (1070 jobs).
--- times ---
Elapsed (wall clock): 0:04.02
Maximum resident set size (kbytes): 1718900
--- build ---
finished:         2026-08-06T21:14:58-07:00
exit status:      0
user cpu:         6.40s
system cpu:       1.51s
cpu use:          196%
peak rss single:  1678 MiB (largest one process, GNU time)
peak pss tree:    1938 MiB (process group, shared pages apportioned)
peak rss tree:    4121 MiB (process group, shared pages counted per process)
jobs:             1070
lean diagnostics: 0
lake errors:      0
sorry decls:      1
other warnings:   0
