# r0028
# orchestrator — lake build (whole library)
# checkout: /home/milnes/projects/ScottLean4
# started: 2026-08-06T19:09:29-07:00
# lean: leanprover/lean4:v4.32.2
# host: Linux 7.0.0-28-generic x86_64, 20 cores
### === lake build  ===
✔ [934/962] Built ScottDomains (573ms)
✔ [935/962] Built ScottDomains.WayBelow (685ms)
ℹ [936/962] Built ScottDomains.ExistingTheories (623ms)
info: ScottDomains/ExistingTheories.lean:15:0: OmegaCompletePartialOrder : Type u_1 → Type u_1
info: ScottDomains/ExistingTheories.lean:16:0: CompletePartialOrder : Type u_1 → Type u_1
info: ScottDomains/ExistingTheories.lean:19:0: @ScottContinuous : {α : Type u_1} → {β : Type u_2} → [Preorder α] → [Preorder β] → (α → β) → Prop
info: ScottDomains/ExistingTheories.lean:20:0: @ScottContinuousOn : {α : Type u_1} → {β : Type u_2} → [Preorder α] → [Preorder β] → Set (Set α) → (α → β) → Prop
info: ScottDomains/ExistingTheories.lean:23:0: Topology.IsScott : (α : Type u_1) → Set (Set α) → [Preorder α] → [TopologicalSpace α] → Prop
info: ScottDomains/ExistingTheories.lean:24:0: Topology.IsScottHausdorff : (α : Type u_1) → Set (Set α) → [Preorder α] → [TopologicalSpace α] → Prop
info: ScottDomains/ExistingTheories.lean:27:0: @OrderHom.lfp : {α : Type u_1} → [inst : CompleteLattice α] → (α →o α) →o α
info: ScottDomains/ExistingTheories.lean:28:0: @OrderHom.gfp : {α : Type u_1} → [inst : CompleteLattice α] → (α →o α) →o α
✔ [937/962] Built ScottDomains.Domain (667ms)
✔ [938/962] Built ScottDomains.FixedPoint (841ms)
✔ [939/962] Built ScottDomains.Powerset (832ms)
✔ [940/962] Built ScottDomains.Lift (831ms)
✔ [941/962] Built ScottDomains.CoalescedSum (888ms)
✔ [942/962] Built ScottDomains.NormalSubposet (927ms)
✔ [943/962] Built ScottDomains.ScottHom (953ms)
✔ [944/962] Built ScottDomains.Bifinite (862ms)
✔ [945/962] Built ScottDomains.EffectivePresentation (948ms)
✔ [946/962] Built ScottDomains.Projection (949ms)
✔ [947/962] Built ScottDomains.Product (1.0s)
✔ [948/962] Built ScottDomains.StepFunction (991ms)
✔ [949/962] Built ScottDomains.StrictHom (991ms)
✔ [950/962] Built ScottDomains.UniformFixedPoint (1.3s)
✔ [951/962] Built ScottDomains.FunctionSpaceDomain (819ms)
✔ [952/962] Built ScottDomains.FinitaryProjection (874ms)
✔ [953/962] Built ScottDomains.Smash (945ms)
✔ [954/962] Built ScottDomains.Currying (883ms)
✔ [955/962] Built ScottDomains.CompactFunction (785ms)
✔ [956/962] Built ScottDomains.NormalProjection (780ms)
✔ [957/962] Built ScottDomains.FunctionSpaceCountable (749ms)
✔ [958/962] Built ScottDomains.Theorem6 (772ms)
⚠ [959/962] Built ScottDomains.Skeleton.Section6 (904ms)
warning: ScottDomains/Skeleton/Section6.lean:196:8: declaration uses `sorry`
✔ [960/962] Built ScottDomains.Skeleton.Lemma10 (924ms)
✔ [961/962] Built ScottDomains.Skeleton.Lemma17 (1.1s)
Build completed successfully (962 jobs).
--- times ---
Elapsed (wall clock): 0:07.43
Maximum resident set size (kbytes): 1714420
--- build ---
finished:         2026-08-06T19:09:37-07:00
exit status:      0
user cpu:         23.39s
system cpu:       6.44s
cpu use:          401%
peak rss single:  1674 MiB (largest one process, GNU time)
peak pss tree:    2275 MiB (process group, shared pages apportioned)
peak rss tree:    11774 MiB (process group, shared pages counted per process)
jobs:             962
lean diagnostics: 0
lake errors:      0
sorry decls:      1
other warnings:   0
