# r0037
# orchestrator — lake build (whole library)
# checkout: /home/milnes/projects/ScottLean4
# started: 2026-08-07T14:37:39-07:00
# lean: leanprover/lean4:v4.32.2
# host: Linux 7.0.0-28-generic x86_64, 20 cores
### === lake build  ===
⚠ [961/1223] Replayed ScottDomains.Skeleton.Section6
warning: ScottDomains/Skeleton/Section6.lean:196:8: declaration uses `sorry`
ℹ [1118/1223] Replayed ScottDomains.ExistingTheories
info: ScottDomains/ExistingTheories.lean:15:0: OmegaCompletePartialOrder : Type u_1 → Type u_1
info: ScottDomains/ExistingTheories.lean:16:0: CompletePartialOrder : Type u_1 → Type u_1
info: ScottDomains/ExistingTheories.lean:19:0: @ScottContinuous : {α : Type u_1} → {β : Type u_2} → [Preorder α] → [Preorder β] → (α → β) → Prop
info: ScottDomains/ExistingTheories.lean:20:0: @ScottContinuousOn : {α : Type u_1} → {β : Type u_2} → [Preorder α] → [Preorder β] → Set (Set α) → (α → β) → Prop
info: ScottDomains/ExistingTheories.lean:23:0: Topology.IsScott : (α : Type u_1) → Set (Set α) → [Preorder α] → [TopologicalSpace α] → Prop
info: ScottDomains/ExistingTheories.lean:24:0: Topology.IsScottHausdorff : (α : Type u_1) → Set (Set α) → [Preorder α] → [TopologicalSpace α] → Prop
info: ScottDomains/ExistingTheories.lean:27:0: @OrderHom.lfp : {α : Type u_1} → [inst : CompleteLattice α] → (α →o α) →o α
info: ScottDomains/ExistingTheories.lean:28:0: @OrderHom.gfp : {α : Type u_1} → [inst : CompleteLattice α] → (α →o α) →o α
✔ [1218/1223] Built ScottDomains.PRep (1.0s)
✔ [1219/1223] Built ScottDomains.LemThirty (972ms)
✔ [1220/1223] Built ScottDomains.PRepFun (1.6s)
✔ [1221/1223] Built ScottDomains.PRepSum (1.6s)
✔ [1222/1223] Built ScottDomains.Lemma28AtU (649ms)
Build completed successfully (1223 jobs).
--- times ---
Elapsed (wall clock): 0:04.02
Maximum resident set size (kbytes): 1855676
--- build ---
finished:         2026-08-07T14:37:44-07:00
exit status:      0
user cpu:         10.89s
system cpu:       1.53s
cpu use:          308%
peak rss single:  1812 MiB (largest one process, GNU time)
peak pss tree:    2190 MiB (process group, shared pages apportioned)
peak rss tree:    5939 MiB (process group, shared pages counted per process)
jobs:             1223
lean diagnostics: 0
lake errors:      0
sorry decls:      1
other warnings:   0
